15:08:04 **** Incremental Build of configuration Debug for project analog_clock ****
make -j8 all 
arm-none-eabi-gcc "../Core/Src/analog_clock.c" -mcpu=cortex-m3 -std=gnu11 -g3 -DDEBUG -DUSE_HAL_DRIVER -DSTM32F103x6 -c -I../Core/Inc -I../Drivers/STM32F1xx_HAL_Driver/Inc/Legacy -I../Drivers/STM32F1xx_HAL_Driver/Inc -I../Drivers/CMSIS/Device/ST/STM32F1xx/Include -I../Drivers/CMSIS/Include -O0 -ffunction-sections -fdata-sections -Wall -fstack-usage -fcyclomatic-complexity -MMD -MP -MF"Core/Src/analog_clock.d" -MT"Core/Src/analog_clock.o" --specs=nano.specs -mfloat-abi=soft -mthumb -o "Core/Src/analog_clock.o"
arm-none-eabi-gcc "../Core/Src/main.c" -mcpu=cortex-m3 -std=gnu11 -g3 -DDEBUG -DUSE_HAL_DRIVER -DSTM32F103x6 -c -I../Core/Inc -I../Drivers/STM32F1xx_HAL_Driver/Inc/Legacy -I../Drivers/STM32F1xx_HAL_Driver/Inc -I../Drivers/CMSIS/Device/ST/STM32F1xx/Include -I../Drivers/CMSIS/Include -O0 -ffunction-sections -fdata-sections -Wall -fstack-usage -fcyclomatic-complexity -MMD -MP -MF"Core/Src/main.d" -MT"Core/Src/main.o" --specs=nano.specs -mfloat-abi=soft -mthumb -o "Core/Src/main.o"
arm-none-eabi-gcc -o "analog_clock.elf" @"objects.list"   -mcpu=cortex-m3 -T"D:\Embedded_Programming\STM\STM32\Microprocessors_Microcontrollers_Lab\Microprocessors_Microcontrollers_Lab_1\analog_clock\STM32CubeIDE\STM32F103C6UX_FLASH.ld" --specs=nosys.specs -Wl,-Map="analog_clock.map" -Wl,--gc-sections -static --specs=nano.specs -mfloat-abi=soft -mthumb -Wl,--start-group -lc -lm -Wl,--end-group
Finished building target: analog_clock.elf
 
arm-none-eabi-size   analog_clock.elf 
arm-none-eabi-objdump -h -S  analog_clock.elf  > "analog_clock.list"
arm-none-eabi-objcopy  -O ihex  analog_clock.elf  "analog_clock.hex"
   text	   data	    bss	    dec	    hex	filename
   7332	     20	   1652	   9004	   232c	analog_clock.elf
Finished building: default.size.stdout
 
Finished building: analog_clock.hex
 
Finished building: analog_clock.list
 

15:08:05 Build Finished. 0 errors, 0 warnings. (took 532ms)

