14:41:45 **** Incremental Build of configuration Debug for project traffic_light ****
make -j8 all 
arm-none-eabi-gcc "../Core/Src/main.c" -mcpu=cortex-m3 -std=gnu11 -g3 -DDEBUG -DUSE_HAL_DRIVER -DSTM32F103x6 -c -I../Core/Inc -I../Drivers/STM32F1xx_HAL_Driver/Inc/Legacy -I../Drivers/STM32F1xx_HAL_Driver/Inc -I../Drivers/CMSIS/Device/ST/STM32F1xx/Include -I../Drivers/CMSIS/Include -O0 -ffunction-sections -fdata-sections -Wall -fstack-usage -fcyclomatic-complexity -MMD -MP -MF"Core/Src/main.d" -MT"Core/Src/main.o" --specs=nano.specs -mfloat-abi=soft -mthumb -o "Core/Src/main.o"
arm-none-eabi-gcc -o "traffic_light.elf" @"objects.list"   -mcpu=cortex-m3 -T"D:\Embedded_Programming\STM\STM32\Microprocessors_Microcontrollers_Lab\Microprocessors_Microcontrollers_Lab_1\traffic_light\STM32CubeIDE\STM32F103C6UX_FLASH.ld" --specs=nosys.specs -Wl,-Map="traffic_light.map" -Wl,--gc-sections -static --specs=nano.specs -mfloat-abi=soft -mthumb -Wl,--start-group -lc -lm -Wl,--end-group
Finished building target: traffic_light.elf
 
arm-none-eabi-size   traffic_light.elf 
arm-none-eabi-objdump -h -S  traffic_light.elf  > "traffic_light.list"
arm-none-eabi-objcopy  -O ihex  traffic_light.elf  "traffic_light.hex"
   text	   data	    bss	    dec	    hex	filename
   8324	     20	   1660	  10004	   2714	traffic_light.elf
Finished building: default.size.stdout
 
Finished building: traffic_light.hex
 
Finished building: traffic_light.list
 

14:41:46 Build Finished. 0 errors, 0 warnings. (took 922ms)

